// Jest Snapshot v1, https://goo.gl/fbAQLP

exports[`matches options page snapshot 1`] = `
<div
  className="centeredHeader"
>
  <img
    alt="VUMS Logo"
    className="vumslogo"
    src="vums.png"
  />
  <h1>
    Welcome To VUMS
  </h1>
  <p
    className="descriptionText"
  >
    The Vanderbilt Undergraduate Microbiome Society aims to educate the local community about the microbiome and the fieldâ€™s latest developments, to promote social and microbial diversity, and to help facilitate the distribution of fresh produce to underprivileged persons in Davidson County.
  </p>
</div>
`;
