// Jest Snapshot v1, https://goo.gl/fbAQLP

exports[`matches learn page snapshot 1`] = `
<div
  className="test"
>
  <div
    className="centered"
  >
    <img
      alt="VUMS Logo"
      className="vumslogo"
      src="vums.png"
    />
    <h1>
      Learn With VUMS
    </h1>
  </div>
</div>
`;
