// Jest Snapshot v1, https://goo.gl/fbAQLP

exports[`matches learn page snapshot 1`] = `
<div
  className="centeredForm"
>
  <form
    className="ant-form ant-form-horizontal"
    id="register"
    onSubmit={[Function]}
  >
    <div
      className="ant-row ant-form-item"
      style={
        Object {
          "marginBottom": undefined,
          "marginLeft": undefined,
          "marginRight": undefined,
          "marginTop": undefined,
        }
      }
    >
      <div
        className="ant-col ant-form-item-label ant-col-xs-24 ant-col-sm-8"
        style={Object {}}
      >
        <label
          className="ant-form-item-required"
          htmlFor="register_header"
          title="Title"
        >
          Title
        </label>
      </div>
      <div
        className="ant-col ant-form-item-control ant-col-xs-24 ant-col-sm-16"
        style={Object {}}
      >
        <div
          className="ant-form-item-control-input"
        >
          <div
            className="ant-form-item-control-input-content"
          >
            <input
              className="ant-input"
              id="register_header"
              onBlur={[Function]}
              onChange={[Function]}
              onFocus={[Function]}
              onKeyDown={[Function]}
              type="text"
              value=""
            />
          </div>
        </div>
      </div>
    </div>
    <div
      className="ant-row ant-form-item"
      style={
        Object {
          "marginBottom": undefined,
          "marginLeft": undefined,
          "marginRight": undefined,
          "marginTop": undefined,
        }
      }
    >
      <div
        className="ant-col ant-form-item-label ant-col-xs-24 ant-col-sm-8"
        style={Object {}}
      >
        <label
          className=""
          title="Dragger"
        >
          Dragger
        </label>
      </div>
      <div
        className="ant-col ant-form-item-control ant-col-xs-24 ant-col-sm-16"
        style={Object {}}
      >
        <div
          className="ant-form-item-control-input"
        >
          <div
            className="ant-form-item-control-input-content"
          >
            <span>
              <div
                className="ant-upload ant-upload-drag"
                onDragLeave={[Function]}
                onDragOver={[Function]}
                onDrop={[Function]}
                style={
                  Object {
                    "height": undefined,
                  }
                }
              >
                <span
                  className="ant-upload ant-upload-btn"
                  onClick={[Function]}
                  onDragOver={[Function]}
                  onDrop={[Function]}
                  onKeyDown={[Function]}
                  role="button"
                  tabIndex="0"
                >
                  <input
                    accept=""
                    id="register_file"
                    multiple={false}
                    onChange={[Function]}
                    onClick={[Function]}
                    style={
                      Object {
                        "display": "none",
                      }
                    }
                    type="file"
                  />
                  <div
                    className="ant-upload-drag-container"
                  >
                    <p
                      className="ant-upload-drag-icon"
                    >
                      <span
                        aria-label="inbox"
                        className="anticon anticon-inbox"
                        role="img"
                      >
                        <svg
                          aria-hidden="true"
                          data-icon="inbox"
                          fill="currentColor"
                          focusable="false"
                          height="1em"
                          viewBox="0 0 1024 1024"
                          width="1em"
                        >
                          <path
                            d="M885.2 446.3l-.2-.8-112.2-285.1c-5-16.1-19.9-27.2-36.8-27.2H281.2c-17 0-32.1 11.3-36.9 27.6L139.4 443l-.3.7-.2.8c-1.3 4.9-1.7 9.9-1 14.8-.1 1.6-.2 3.2-.2 4.8V830a60.9 60.9 0 0060.8 60.8h627.2c33.5 0 60.8-27.3 60.9-60.8V464.1c0-1.3 0-2.6-.1-3.7.4-4.9 0-9.6-1.3-14.1zm-295.8-43l-.3 15.7c-.8 44.9-31.8 75.1-77.1 75.1-22.1 0-41.1-7.1-54.8-20.6S436 441.2 435.6 419l-.3-15.7H229.5L309 210h399.2l81.7 193.3H589.4zm-375 76.8h157.3c24.3 57.1 76 90.8 140.4 90.8 33.7 0 65-9.4 90.3-27.2 22.2-15.6 39.5-37.4 50.7-63.6h156.5V814H214.4V480.1z"
                          />
                        </svg>
                      </span>
                    </p>
                    <p
                      className="ant-upload-text"
                    >
                      Click or drag file to this area to upload
                    </p>
                    <p
                      className="ant-upload-hint"
                    >
                      Please upload one image!
                    </p>
                  </div>
                </span>
              </div>
              <div
                className="ant-upload-list ant-upload-list-text"
              />
            </span>
          </div>
        </div>
      </div>
    </div>
    <div
      className="ant-row ant-form-item"
      style={
        Object {
          "marginBottom": undefined,
          "marginLeft": undefined,
          "marginRight": undefined,
          "marginTop": undefined,
        }
      }
    >
      <div
        className="ant-col ant-form-item-label ant-col-xs-24 ant-col-sm-8"
        style={Object {}}
      >
        <label
          className="ant-form-item-required"
          htmlFor="register_body"
          title="Body"
        >
          Body
        </label>
      </div>
      <div
        className="ant-col ant-form-item-control ant-col-xs-24 ant-col-sm-16"
        style={Object {}}
      >
        <div
          className="ant-form-item-control-input"
        >
          <div
            className="ant-form-item-control-input-content"
          >
            <textarea
              className="ant-input"
              id="register_body"
              onChange={[Function]}
              onKeyDown={[Function]}
              rows={4}
              style={Object {}}
              value=""
            />
          </div>
        </div>
      </div>
    </div>
    <div
      className="ant-row ant-form-item"
      style={
        Object {
          "marginBottom": undefined,
          "marginLeft": undefined,
          "marginRight": undefined,
          "marginTop": undefined,
        }
      }
    >
      <div
        className="ant-col ant-form-item-control ant-col-xs-24 ant-col-xs-offset-0 ant-col-sm-16 ant-col-sm-offset-8"
        style={Object {}}
      >
        <div
          className="ant-form-item-control-input"
        >
          <div
            className="ant-form-item-control-input-content"
          >
            <button
              className="ant-btn ant-btn-primary"
              onClick={[Function]}
              type="submit"
            >
              <span>
                Submit Event
              </span>
            </button>
          </div>
        </div>
      </div>
    </div>
  </form>
</div>
`;
