// Jest Snapshot v1, https://goo.gl/fbAQLP

exports[`matches options page snapshot 1`] = `
<div
  className="centered"
>
  <img
    alt="VUMS Logo"
    className="vumslogo"
    src="vums.png"
  />
  <h1>
    This Page Doesn't Exist! Use The Nav Bar To Get Back :)
  </h1>
</div>
`;
