// Jest Snapshot v1, https://goo.gl/fbAQLP

exports[`matches options page snapshot 1`] = `
<div
  className="centered"
>
  <ul
    className="ant-menu ant-menu-light ant-menu-root ant-menu-horizontal"
    onMouseEnter={[Function]}
    onTransitionEnd={[Function]}
    role="menu"
    style={Object {}}
  >
    <li
      className="ant-menu-submenu ant-menu-submenu-horizontal ant-menu-overflowed-submenu"
      onMouseEnter={[Function]}
      onMouseLeave={[Function]}
      role="menuitem"
      style={
        Object {
          "display": "none",
        }
      }
    >
      <div
        aria-expanded={false}
        aria-haspopup="true"
        className="ant-menu-submenu-title"
        onClick={[Function]}
        onMouseEnter={[Function]}
        onMouseLeave={[Function]}
        role="button"
        style={Object {}}
      >
        <span>
          ···
        </span>
        <i
          className="ant-menu-submenu-arrow"
        />
      </div>
    </li>
    <li
      className="ant-menu-item ant-menu-item-only-child"
      onClick={[Function]}
      onMouseEnter={[Function]}
      onMouseLeave={[Function]}
      role="menuitem"
      style={Object {}}
    >
      <a
        rel="noopener noreferrer"
        target="_blank"
      >
        Stats
      </a>
    </li>
    <li
      className="ant-menu-submenu ant-menu-submenu-horizontal ant-menu-overflowed-submenu"
      onMouseEnter={[Function]}
      onMouseLeave={[Function]}
      role="menuitem"
      style={
        Object {
          "display": "none",
        }
      }
    >
      <div
        aria-expanded={false}
        aria-haspopup="true"
        className="ant-menu-submenu-title"
        onClick={[Function]}
        onMouseEnter={[Function]}
        onMouseLeave={[Function]}
        role="button"
        style={Object {}}
      >
        <span>
          ···
        </span>
        <i
          className="ant-menu-submenu-arrow"
        />
      </div>
    </li>
    <li
      className="ant-menu-item ant-menu-item-only-child"
      onClick={[Function]}
      onMouseEnter={[Function]}
      onMouseLeave={[Function]}
      role="menuitem"
      style={Object {}}
    >
      <a
        rel="noopener noreferrer"
        target="_blank"
      >
        New Author
      </a>
    </li>
    <li
      className="ant-menu-submenu ant-menu-submenu-horizontal ant-menu-overflowed-submenu"
      onMouseEnter={[Function]}
      onMouseLeave={[Function]}
      role="menuitem"
      style={
        Object {
          "display": "none",
        }
      }
    >
      <div
        aria-expanded={false}
        aria-haspopup="true"
        className="ant-menu-submenu-title"
        onClick={[Function]}
        onMouseEnter={[Function]}
        onMouseLeave={[Function]}
        role="button"
        style={Object {}}
      >
        <span>
          ···
        </span>
        <i
          className="ant-menu-submenu-arrow"
        />
      </div>
    </li>
    <li
      className="ant-menu-item ant-menu-item-only-child"
      onClick={[Function]}
      onMouseEnter={[Function]}
      onMouseLeave={[Function]}
      role="menuitem"
      style={Object {}}
    >
      <a
        rel="noopener noreferrer"
        target="_blank"
      >
        Update Author
      </a>
    </li>
    <li
      className="ant-menu-submenu ant-menu-submenu-horizontal ant-menu-overflowed-submenu"
      onMouseEnter={[Function]}
      onMouseLeave={[Function]}
      role="menuitem"
      style={
        Object {
          "display": "none",
        }
      }
    >
      <div
        aria-expanded={false}
        aria-haspopup="true"
        className="ant-menu-submenu-title"
        onClick={[Function]}
        onMouseEnter={[Function]}
        onMouseLeave={[Function]}
        role="button"
        style={Object {}}
      >
        <span>
          ···
        </span>
        <i
          className="ant-menu-submenu-arrow"
        />
      </div>
    </li>
    <li
      className="ant-menu-item ant-menu-item-only-child"
      onClick={[Function]}
      onMouseEnter={[Function]}
      onMouseLeave={[Function]}
      role="menuitem"
      style={Object {}}
    >
      <a
        rel="noopener noreferrer"
        target="_blank"
      >
        Delete Author
      </a>
    </li>
    <li
      className="ant-menu-submenu ant-menu-submenu-horizontal ant-menu-overflowed-submenu"
      onMouseEnter={[Function]}
      onMouseLeave={[Function]}
      role="menuitem"
      style={
        Object {
          "display": "none",
        }
      }
    >
      <div
        aria-expanded={false}
        aria-haspopup="true"
        className="ant-menu-submenu-title"
        onClick={[Function]}
        onMouseEnter={[Function]}
        onMouseLeave={[Function]}
        role="button"
        style={Object {}}
      >
        <span>
          ···
        </span>
        <i
          className="ant-menu-submenu-arrow"
        />
      </div>
    </li>
    <li
      className="ant-menu-item ant-menu-item-only-child"
      onClick={[Function]}
      onMouseEnter={[Function]}
      onMouseLeave={[Function]}
      role="menuitem"
      style={Object {}}
    >
      <a
        rel="noopener noreferrer"
        target="_blank"
      >
        New Topic
      </a>
    </li>
    <li
      className="ant-menu-submenu ant-menu-submenu-horizontal ant-menu-overflowed-submenu"
      onMouseEnter={[Function]}
      onMouseLeave={[Function]}
      role="menuitem"
      style={
        Object {
          "display": "none",
        }
      }
    >
      <div
        aria-expanded={false}
        aria-haspopup="true"
        className="ant-menu-submenu-title"
        onClick={[Function]}
        onMouseEnter={[Function]}
        onMouseLeave={[Function]}
        role="button"
        style={Object {}}
      >
        <span>
          ···
        </span>
        <i
          className="ant-menu-submenu-arrow"
        />
      </div>
    </li>
    <li
      className="ant-menu-item ant-menu-item-only-child"
      onClick={[Function]}
      onMouseEnter={[Function]}
      onMouseLeave={[Function]}
      role="menuitem"
      style={Object {}}
    >
      <a
        rel="noopener noreferrer"
        target="_blank"
      >
        Update Topic
      </a>
    </li>
    <li
      className="ant-menu-submenu ant-menu-submenu-horizontal ant-menu-overflowed-submenu"
      onMouseEnter={[Function]}
      onMouseLeave={[Function]}
      role="menuitem"
      style={
        Object {
          "display": "none",
        }
      }
    >
      <div
        aria-expanded={false}
        aria-haspopup="true"
        className="ant-menu-submenu-title"
        onClick={[Function]}
        onMouseEnter={[Function]}
        onMouseLeave={[Function]}
        role="button"
        style={Object {}}
      >
        <span>
          ···
        </span>
        <i
          className="ant-menu-submenu-arrow"
        />
      </div>
    </li>
    <li
      className="ant-menu-item ant-menu-item-only-child"
      onClick={[Function]}
      onMouseEnter={[Function]}
      onMouseLeave={[Function]}
      role="menuitem"
      style={Object {}}
    >
      <a
        rel="noopener noreferrer"
        target="_blank"
      >
        Delete Topic
      </a>
    </li>
    <li
      className="ant-menu-submenu ant-menu-submenu-horizontal ant-menu-overflowed-submenu"
      onMouseEnter={[Function]}
      onMouseLeave={[Function]}
      role="menuitem"
      style={
        Object {
          "display": "none",
        }
      }
    >
      <div
        aria-expanded={false}
        aria-haspopup="true"
        className="ant-menu-submenu-title"
        onClick={[Function]}
        onMouseEnter={[Function]}
        onMouseLeave={[Function]}
        role="button"
        style={Object {}}
      >
        <span>
          ···
        </span>
        <i
          className="ant-menu-submenu-arrow"
        />
      </div>
    </li>
    <li
      className="ant-menu-item ant-menu-item-only-child"
      onClick={[Function]}
      onMouseEnter={[Function]}
      onMouseLeave={[Function]}
      role="menuitem"
      style={Object {}}
    >
      <a
        rel="noopener noreferrer"
        target="_blank"
      >
        New Article
      </a>
    </li>
    <li
      className="ant-menu-submenu ant-menu-submenu-horizontal ant-menu-overflowed-submenu"
      onMouseEnter={[Function]}
      onMouseLeave={[Function]}
      role="menuitem"
      style={
        Object {
          "display": "none",
        }
      }
    >
      <div
        aria-expanded={false}
        aria-haspopup="true"
        className="ant-menu-submenu-title"
        onClick={[Function]}
        onMouseEnter={[Function]}
        onMouseLeave={[Function]}
        role="button"
        style={Object {}}
      >
        <span>
          ···
        </span>
        <i
          className="ant-menu-submenu-arrow"
        />
      </div>
    </li>
    <li
      className="ant-menu-item ant-menu-item-only-child"
      onClick={[Function]}
      onMouseEnter={[Function]}
      onMouseLeave={[Function]}
      role="menuitem"
      style={Object {}}
    >
      <a
        rel="noopener noreferrer"
        target="_blank"
      >
        Update Article
      </a>
    </li>
    <li
      className="ant-menu-submenu ant-menu-submenu-horizontal ant-menu-overflowed-submenu"
      onMouseEnter={[Function]}
      onMouseLeave={[Function]}
      role="menuitem"
      style={
        Object {
          "display": "none",
        }
      }
    >
      <div
        aria-expanded={false}
        aria-haspopup="true"
        className="ant-menu-submenu-title"
        onClick={[Function]}
        onMouseEnter={[Function]}
        onMouseLeave={[Function]}
        role="button"
        style={Object {}}
      >
        <span>
          ···
        </span>
        <i
          className="ant-menu-submenu-arrow"
        />
      </div>
    </li>
    <li
      className="ant-menu-item ant-menu-item-only-child"
      onClick={[Function]}
      onMouseEnter={[Function]}
      onMouseLeave={[Function]}
      role="menuitem"
      style={Object {}}
    >
      <a
        rel="noopener noreferrer"
        target="_blank"
      >
        Delete Article
      </a>
    </li>
    <li
      className="ant-menu-submenu ant-menu-submenu-horizontal ant-menu-overflowed-submenu"
      onMouseEnter={[Function]}
      onMouseLeave={[Function]}
      role="menuitem"
      style={
        Object {
          "display": "none",
        }
      }
    >
      <div
        aria-expanded={false}
        aria-haspopup="true"
        className="ant-menu-submenu-title"
        onClick={[Function]}
        onMouseEnter={[Function]}
        onMouseLeave={[Function]}
        role="button"
        style={Object {}}
      >
        <span>
          ···
        </span>
        <i
          className="ant-menu-submenu-arrow"
        />
      </div>
    </li>
    <li
      className="ant-menu-item ant-menu-item-only-child"
      onClick={[Function]}
      onMouseEnter={[Function]}
      onMouseLeave={[Function]}
      role="menuitem"
      style={Object {}}
    >
      <a
        rel="noopener noreferrer"
        target="_blank"
      >
        Add Event
      </a>
    </li>
    <li
      className="ant-menu-submenu ant-menu-submenu-horizontal ant-menu-overflowed-submenu"
      onMouseEnter={[Function]}
      onMouseLeave={[Function]}
      role="menuitem"
      style={
        Object {
          "display": "none",
        }
      }
    >
      <div
        aria-expanded={false}
        aria-haspopup="true"
        className="ant-menu-submenu-title"
        onClick={[Function]}
        onMouseEnter={[Function]}
        onMouseLeave={[Function]}
        role="button"
        style={Object {}}
      >
        <span>
          ···
        </span>
        <i
          className="ant-menu-submenu-arrow"
        />
      </div>
    </li>
    <li
      className="ant-menu-item ant-menu-item-only-child"
      onClick={[Function]}
      onMouseEnter={[Function]}
      onMouseLeave={[Function]}
      role="menuitem"
      style={Object {}}
    >
      <a
        rel="noopener noreferrer"
        target="_blank"
      >
        Delete Event
      </a>
    </li>
    <li
      className="ant-menu-submenu ant-menu-submenu-horizontal ant-menu-overflowed-submenu"
      onMouseEnter={[Function]}
      onMouseLeave={[Function]}
      role="menuitem"
      style={
        Object {
          "display": "none",
        }
      }
    >
      <div
        aria-expanded={false}
        aria-haspopup="true"
        className="ant-menu-submenu-title"
        onClick={[Function]}
        onMouseEnter={[Function]}
        onMouseLeave={[Function]}
        role="button"
        style={Object {}}
      >
        <span>
          ···
        </span>
        <i
          className="ant-menu-submenu-arrow"
        />
      </div>
    </li>
    <li
      className="ant-menu-item ant-menu-item-only-child"
      onClick={[Function]}
      onMouseEnter={[Function]}
      onMouseLeave={[Function]}
      role="menuitem"
      style={Object {}}
    >
      <a
        rel="noopener noreferrer"
        target="_blank"
      >
        Update Event
      </a>
    </li>
    <li
      className="ant-menu-submenu ant-menu-submenu-horizontal ant-menu-overflowed-submenu"
      onMouseEnter={[Function]}
      onMouseLeave={[Function]}
      role="menuitem"
      style={
        Object {
          "display": "none",
        }
      }
    >
      <div
        aria-expanded={false}
        aria-haspopup="true"
        className="ant-menu-submenu-title"
        onClick={[Function]}
        onMouseEnter={[Function]}
        onMouseLeave={[Function]}
        role="button"
        style={Object {}}
      >
        <span>
          ···
        </span>
        <i
          className="ant-menu-submenu-arrow"
        />
      </div>
    </li>
    <li
      className="ant-menu-item ant-menu-item-only-child"
      onClick={[Function]}
      onMouseEnter={[Function]}
      onMouseLeave={[Function]}
      role="menuitem"
      style={Object {}}
    >
      <a
        rel="noopener noreferrer"
        target="_blank"
      >
        Update Token
      </a>
    </li>
    <li
      className="ant-menu-submenu ant-menu-submenu-horizontal ant-menu-overflowed-submenu"
      onMouseEnter={[Function]}
      onMouseLeave={[Function]}
      role="menuitem"
      style={
        Object {
          "position": "absolute",
          "visibility": "hidden",
        }
      }
    >
      <div
        aria-expanded={false}
        aria-haspopup="true"
        className="ant-menu-submenu-title"
        onClick={[Function]}
        onMouseEnter={[Function]}
        onMouseLeave={[Function]}
        role="button"
        style={Object {}}
      >
        <span>
          ···
        </span>
        <i
          className="ant-menu-submenu-arrow"
        />
      </div>
    </li>
  </ul>
  <div>
    <div
      className="statisticsFlex"
    >
      <div
        className="left"
      >
        <div
          className="ant-statistic"
        >
          <div
            className="ant-statistic-title"
          >
            Number Of Articles Written
          </div>
          <div
            className="ant-statistic-content"
          >
            <span
              className="ant-statistic-content-prefix"
            >
              <span
                aria-label="book"
                className="anticon anticon-book"
                role="img"
              >
                <svg
                  aria-hidden="true"
                  data-icon="book"
                  fill="currentColor"
                  focusable="false"
                  height="1em"
                  viewBox="64 64 896 896"
                  width="1em"
                >
                  <path
                    d="M832 64H192c-17.7 0-32 14.3-32 32v832c0 17.7 14.3 32 32 32h640c17.7 0 32-14.3 32-32V96c0-17.7-14.3-32-32-32zm-260 72h96v209.9L621.5 312 572 347.4V136zm220 752H232V136h280v296.9c0 3.3 1 6.6 3 9.3a15.9 15.9 0 0022.3 3.7l83.8-59.9 81.4 59.4c2.7 2 6 3.1 9.4 3.1 8.8 0 16-7.2 16-16V136h64v752z"
                  />
                </svg>
              </span>
            </span>
            <span
              className="ant-statistic-content-value"
            >
              <span
                className="ant-statistic-content-value-int"
              >
                
                0
              </span>
              
            </span>
          </div>
        </div>
        <div
          className="ant-statistic"
        >
          <div
            className="ant-statistic-title"
          >
            Number Of Authors
          </div>
          <div
            className="ant-statistic-content"
          >
            <span
              className="ant-statistic-content-prefix"
            >
              <span
                aria-label="smile"
                className="anticon anticon-smile"
                role="img"
              >
                <svg
                  aria-hidden="true"
                  data-icon="smile"
                  fill="currentColor"
                  focusable="false"
                  height="1em"
                  viewBox="64 64 896 896"
                  width="1em"
                >
                  <path
                    d="M288 421a48 48 0 1096 0 48 48 0 10-96 0zm352 0a48 48 0 1096 0 48 48 0 10-96 0zM512 64C264.6 64 64 264.6 64 512s200.6 448 448 448 448-200.6 448-448S759.4 64 512 64zm263 711c-34.2 34.2-74 61-118.3 79.8C611 874.2 562.3 884 512 884c-50.3 0-99-9.8-144.8-29.2A370.4 370.4 0 01248.9 775c-34.2-34.2-61-74-79.8-118.3C149.8 611 140 562.3 140 512s9.8-99 29.2-144.8A370.4 370.4 0 01249 248.9c34.2-34.2 74-61 118.3-79.8C413 149.8 461.7 140 512 140c50.3 0 99 9.8 144.8 29.2A370.4 370.4 0 01775.1 249c34.2 34.2 61 74 79.8 118.3C874.2 413 884 461.7 884 512s-9.8 99-29.2 144.8A368.89 368.89 0 01775 775zM664 533h-48.1c-4.2 0-7.8 3.2-8.1 7.4C604 589.9 562.5 629 512 629s-92.1-39.1-95.8-88.6c-.3-4.2-3.9-7.4-8.1-7.4H360a8 8 0 00-8 8.4c4.4 84.3 74.5 151.6 160 151.6s155.6-67.3 160-151.6a8 8 0 00-8-8.4z"
                  />
                </svg>
              </span>
            </span>
            <span
              className="ant-statistic-content-value"
            >
              <span
                className="ant-statistic-content-value-int"
              >
                
                0
              </span>
              
            </span>
          </div>
        </div>
        <div
          className="ant-statistic"
        >
          <div
            className="ant-statistic-title"
          >
            Number Of Topics
          </div>
          <div
            className="ant-statistic-content"
          >
            <span
              className="ant-statistic-content-prefix"
            >
              <span
                aria-label="highlight"
                className="anticon anticon-highlight"
                role="img"
              >
                <svg
                  aria-hidden="true"
                  data-icon="highlight"
                  fill="currentColor"
                  focusable="false"
                  height="1em"
                  viewBox="64 64 896 896"
                  width="1em"
                >
                  <path
                    d="M957.6 507.4L603.2 158.2a7.9 7.9 0 00-11.2 0L353.3 393.4a8.03 8.03 0 00-.1 11.3l.1.1 40 39.4-117.2 115.3a8.03 8.03 0 00-.1 11.3l.1.1 39.5 38.9-189.1 187H72.1c-4.4 0-8.1 3.6-8.1 8V860c0 4.4 3.6 8 8 8h344.9c2.1 0 4.1-.8 5.6-2.3l76.1-75.6 40.4 39.8a7.9 7.9 0 0011.2 0l117.1-115.6 40.1 39.5a7.9 7.9 0 0011.2 0l238.7-235.2c3.4-3 3.4-8 .3-11.2zM389.8 796.2H229.6l134.4-133 80.1 78.9-54.3 54.1zm154.8-62.1L373.2 565.2l68.6-67.6 171.4 168.9-68.6 67.6zM713.1 658L450.3 399.1 597.6 254l262.8 259-147.3 145z"
                  />
                </svg>
              </span>
            </span>
            <span
              className="ant-statistic-content-value"
            >
              <span
                className="ant-statistic-content-value-int"
              >
                
                0
              </span>
              
            </span>
          </div>
        </div>
      </div>
      <br />
      <div
        className="progressBars"
      >
        <div
          className="ant-progress ant-progress-circle ant-progress-status-normal ant-progress-show-info ant-progress-default"
          style={
            Object {
              "paddingBlock": "10px",
            }
          }
        >
          <div
            className="ant-progress-inner"
            style={
              Object {
                "fontSize": 24,
                "height": 120,
                "width": 120,
              }
            }
          >
            <svg
              className="ant-progress-circle"
              style={Object {}}
              viewBox="0 0 100 100"
            >
              <path
                className="ant-progress-circle-trail"
                d="M 50,50 m 0,-47
   a 47,47 0 1 1 0,94
   a 47,47 0 1 1 0,-94"
                fillOpacity="0"
                stroke={null}
                strokeLinecap="round"
                strokeWidth={6}
                style={
                  Object {
                    "stroke": null,
                    "strokeDasharray": "295.3097094374406px 295.3097094374406px",
                    "strokeDashoffset": "-0px",
                    "transition": "stroke-dashoffset .3s ease 0s, stroke-dasharray .3s ease 0s, stroke .3s, stroke-width .06s ease .3s, opacity .3s ease 0s",
                  }
                }
              />
              <path
                className="ant-progress-circle-path"
                d="M 50,50 m 0,-47
   a 47,47 0 1 1 0,94
   a 47,47 0 1 1 0,-94"
                fillOpacity="0"
                opacity={0}
                stroke=""
                strokeLinecap="round"
                strokeWidth={6}
                style={
                  Object {
                    "stroke": null,
                    "strokeDasharray": "0px 295.3097094374406px",
                    "strokeDashoffset": "-0px",
                    "transition": "stroke-dashoffset .3s ease 0s, stroke-dasharray .3s ease 0s, stroke .3s, stroke-width .06s ease .3s, opacity .3s ease 0s",
                  }
                }
              />
            </svg>
            <span
              className="ant-progress-text"
              title="0 Events"
            >
              0 Events
            </span>
          </div>
        </div>
        <div
          className="ant-progress ant-progress-circle ant-progress-status-normal ant-progress-show-info ant-progress-default"
          style={
            Object {
              "paddingBlock": "10px",
            }
          }
        >
          <div
            className="ant-progress-inner"
            style={
              Object {
                "fontSize": 24,
                "height": 120,
                "width": 120,
              }
            }
          >
            <svg
              className="ant-progress-circle"
              style={Object {}}
              viewBox="0 0 100 100"
            >
              <path
                className="ant-progress-circle-trail"
                d="M 50,50 m 0,-47
   a 47,47 0 1 1 0,94
   a 47,47 0 1 1 0,-94"
                fillOpacity="0"
                stroke={null}
                strokeLinecap="round"
                strokeWidth={6}
                style={
                  Object {
                    "stroke": null,
                    "strokeDasharray": "295.3097094374406px 295.3097094374406px",
                    "strokeDashoffset": "-0px",
                    "transition": "stroke-dashoffset .3s ease 0s, stroke-dasharray .3s ease 0s, stroke .3s, stroke-width .06s ease .3s, opacity .3s ease 0s",
                  }
                }
              />
              <path
                className="ant-progress-circle-path"
                d="M 50,50 m 0,-47
   a 47,47 0 1 1 0,94
   a 47,47 0 1 1 0,-94"
                fillOpacity="0"
                opacity={0}
                stroke=""
                strokeLinecap="round"
                strokeWidth={6}
                style={
                  Object {
                    "stroke": null,
                    "strokeDasharray": "0px 295.3097094374406px",
                    "strokeDashoffset": "-0px",
                    "transition": "stroke-dashoffset .3s ease 0s, stroke-dasharray .3s ease 0s, stroke .3s, stroke-width .06s ease .3s, opacity .3s ease 0s",
                  }
                }
              />
            </svg>
            <span
              className="ant-progress-text"
              title="0 Easy"
            >
              0 Easy
            </span>
          </div>
        </div>
        <div
          className="ant-progress ant-progress-circle ant-progress-status-normal ant-progress-show-info ant-progress-default"
          style={
            Object {
              "paddingBlock": "10px",
            }
          }
        >
          <div
            className="ant-progress-inner"
            style={
              Object {
                "fontSize": 24,
                "height": 120,
                "width": 120,
              }
            }
          >
            <svg
              className="ant-progress-circle"
              style={Object {}}
              viewBox="0 0 100 100"
            >
              <path
                className="ant-progress-circle-trail"
                d="M 50,50 m 0,-47
   a 47,47 0 1 1 0,94
   a 47,47 0 1 1 0,-94"
                fillOpacity="0"
                stroke={null}
                strokeLinecap="round"
                strokeWidth={6}
                style={
                  Object {
                    "stroke": null,
                    "strokeDasharray": "295.3097094374406px 295.3097094374406px",
                    "strokeDashoffset": "-0px",
                    "transition": "stroke-dashoffset .3s ease 0s, stroke-dasharray .3s ease 0s, stroke .3s, stroke-width .06s ease .3s, opacity .3s ease 0s",
                  }
                }
              />
              <path
                className="ant-progress-circle-path"
                d="M 50,50 m 0,-47
   a 47,47 0 1 1 0,94
   a 47,47 0 1 1 0,-94"
                fillOpacity="0"
                opacity={0}
                stroke=""
                strokeLinecap="round"
                strokeWidth={6}
                style={
                  Object {
                    "stroke": null,
                    "strokeDasharray": "0px 295.3097094374406px",
                    "strokeDashoffset": "-0px",
                    "transition": "stroke-dashoffset .3s ease 0s, stroke-dasharray .3s ease 0s, stroke .3s, stroke-width .06s ease .3s, opacity .3s ease 0s",
                  }
                }
              />
            </svg>
            <span
              className="ant-progress-text"
              title="0 Medium"
            >
              0 Medium
            </span>
          </div>
        </div>
        <div
          className="ant-progress ant-progress-circle ant-progress-status-normal ant-progress-show-info ant-progress-default"
          style={
            Object {
              "paddingBlock": "10px",
            }
          }
        >
          <div
            className="ant-progress-inner"
            style={
              Object {
                "fontSize": 24,
                "height": 120,
                "width": 120,
              }
            }
          >
            <svg
              className="ant-progress-circle"
              style={Object {}}
              viewBox="0 0 100 100"
            >
              <path
                className="ant-progress-circle-trail"
                d="M 50,50 m 0,-47
   a 47,47 0 1 1 0,94
   a 47,47 0 1 1 0,-94"
                fillOpacity="0"
                stroke={null}
                strokeLinecap="round"
                strokeWidth={6}
                style={
                  Object {
                    "stroke": null,
                    "strokeDasharray": "295.3097094374406px 295.3097094374406px",
                    "strokeDashoffset": "-0px",
                    "transition": "stroke-dashoffset .3s ease 0s, stroke-dasharray .3s ease 0s, stroke .3s, stroke-width .06s ease .3s, opacity .3s ease 0s",
                  }
                }
              />
              <path
                className="ant-progress-circle-path"
                d="M 50,50 m 0,-47
   a 47,47 0 1 1 0,94
   a 47,47 0 1 1 0,-94"
                fillOpacity="0"
                opacity={0}
                stroke=""
                strokeLinecap="round"
                strokeWidth={6}
                style={
                  Object {
                    "stroke": null,
                    "strokeDasharray": "0px 295.3097094374406px",
                    "strokeDashoffset": "-0px",
                    "transition": "stroke-dashoffset .3s ease 0s, stroke-dasharray .3s ease 0s, stroke .3s, stroke-width .06s ease .3s, opacity .3s ease 0s",
                  }
                }
              />
            </svg>
            <span
              className="ant-progress-text"
              title="0 Difficult"
            >
              0 Difficult
            </span>
          </div>
        </div>
      </div>
    </div>
    <br />
    <div>
      <h2>
        Current Articles
      </h2>
      <div>
        <div
          className="ant-list ant-list-split ant-list-bordered"
        >
          <div
            className="ant-spin-nested-loading"
          >
            <div
              className="ant-spin-container"
            >
              <div
                className="ant-list-empty-text"
              >
                <div
                  className="ant-empty ant-empty-normal"
                >
                  <div
                    className="ant-empty-image"
                  >
                    <svg
                      className="ant-empty-img-simple"
                      height="41"
                      viewBox="0 0 64 41"
                      width="64"
                      xmlns="http://www.w3.org/2000/svg"
                    >
                      <g
                        fill="none"
                        fillRule="evenodd"
                        transform="translate(0 1)"
                      >
                        <ellipse
                          className="ant-empty-img-simple-ellipse"
                          cx="32"
                          cy="33"
                          rx="32"
                          ry="7"
                        />
                        <g
                          className="ant-empty-img-simple-g"
                          fillRule="nonzero"
                        >
                          <path
                            d="M55 12.76L44.854 1.258C44.367.474 43.656 0 42.907 0H21.093c-.749 0-1.46.474-1.947 1.257L9 12.761V22h46v-9.24z"
                          />
                          <path
                            className="ant-empty-img-simple-path"
                            d="M41.613 15.931c0-1.605.994-2.93 2.227-2.931H55v18.137C55 33.26 53.68 35 52.05 35h-40.1C10.32 35 9 33.259 9 31.137V13h11.16c1.233 0 2.227 1.323 2.227 2.928v.022c0 1.605 1.005 2.901 2.237 2.901h14.752c1.232 0 2.237-1.308 2.237-2.913v-.007z"
                          />
                        </g>
                      </g>
                    </svg>
                  </div>
                  <div
                    className="ant-empty-description"
                  >
                    No Data
                  </div>
                </div>
              </div>
            </div>
          </div>
        </div>
      </div>
    </div>
    <br />
    <div>
      <h2>
        Current Authors
      </h2>
      <div>
        <div
          className="ant-list ant-list-split ant-list-bordered"
        >
          <div
            className="ant-spin-nested-loading"
          >
            <div
              className="ant-spin-container"
            >
              <div
                className="ant-list-empty-text"
              >
                <div
                  className="ant-empty ant-empty-normal"
                >
                  <div
                    className="ant-empty-image"
                  >
                    <svg
                      className="ant-empty-img-simple"
                      height="41"
                      viewBox="0 0 64 41"
                      width="64"
                      xmlns="http://www.w3.org/2000/svg"
                    >
                      <g
                        fill="none"
                        fillRule="evenodd"
                        transform="translate(0 1)"
                      >
                        <ellipse
                          className="ant-empty-img-simple-ellipse"
                          cx="32"
                          cy="33"
                          rx="32"
                          ry="7"
                        />
                        <g
                          className="ant-empty-img-simple-g"
                          fillRule="nonzero"
                        >
                          <path
                            d="M55 12.76L44.854 1.258C44.367.474 43.656 0 42.907 0H21.093c-.749 0-1.46.474-1.947 1.257L9 12.761V22h46v-9.24z"
                          />
                          <path
                            className="ant-empty-img-simple-path"
                            d="M41.613 15.931c0-1.605.994-2.93 2.227-2.931H55v18.137C55 33.26 53.68 35 52.05 35h-40.1C10.32 35 9 33.259 9 31.137V13h11.16c1.233 0 2.227 1.323 2.227 2.928v.022c0 1.605 1.005 2.901 2.237 2.901h14.752c1.232 0 2.237-1.308 2.237-2.913v-.007z"
                          />
                        </g>
                      </g>
                    </svg>
                  </div>
                  <div
                    className="ant-empty-description"
                  >
                    No Data
                  </div>
                </div>
              </div>
            </div>
          </div>
        </div>
      </div>
    </div>
    <br />
    <div>
      <h2>
        Current Topics
      </h2>
      <div>
        <div
          className="ant-list ant-list-split ant-list-bordered"
        >
          <div
            className="ant-spin-nested-loading"
          >
            <div
              className="ant-spin-container"
            >
              <div
                className="ant-list-empty-text"
              >
                <div
                  className="ant-empty ant-empty-normal"
                >
                  <div
                    className="ant-empty-image"
                  >
                    <svg
                      className="ant-empty-img-simple"
                      height="41"
                      viewBox="0 0 64 41"
                      width="64"
                      xmlns="http://www.w3.org/2000/svg"
                    >
                      <g
                        fill="none"
                        fillRule="evenodd"
                        transform="translate(0 1)"
                      >
                        <ellipse
                          className="ant-empty-img-simple-ellipse"
                          cx="32"
                          cy="33"
                          rx="32"
                          ry="7"
                        />
                        <g
                          className="ant-empty-img-simple-g"
                          fillRule="nonzero"
                        >
                          <path
                            d="M55 12.76L44.854 1.258C44.367.474 43.656 0 42.907 0H21.093c-.749 0-1.46.474-1.947 1.257L9 12.761V22h46v-9.24z"
                          />
                          <path
                            className="ant-empty-img-simple-path"
                            d="M41.613 15.931c0-1.605.994-2.93 2.227-2.931H55v18.137C55 33.26 53.68 35 52.05 35h-40.1C10.32 35 9 33.259 9 31.137V13h11.16c1.233 0 2.227 1.323 2.227 2.928v.022c0 1.605 1.005 2.901 2.237 2.901h14.752c1.232 0 2.237-1.308 2.237-2.913v-.007z"
                          />
                        </g>
                      </g>
                    </svg>
                  </div>
                  <div
                    className="ant-empty-description"
                  >
                    No Data
                  </div>
                </div>
              </div>
            </div>
          </div>
        </div>
      </div>
    </div>
  </div>
</div>
`;
